S(0,0,TL) B(0,0,BR)
B(0,0,BR) S(0,0,TR)
S(1,0,TL) B(1,0,BR)
B(1,0,BR) S(1,0,TR)
S(2,0,TL) B(2,0,BR)
B(2,0,BR) S(2,0,TR)
S(2,0,TR) B(2,0,BL)
B(1,0,BR) S(1,0,TR)
S(1,0,TR) B(1,0,BL)
B(0,0,BR) S(0,0,BL)
S(0,1,TL) B(0,1,BR)
B(0,1,BR) S(0,1,TR)
S(1,1,TL) B(1,1,BR)
B(1,1,BR) S(1,1,TR)
S(2,1,TL) B(2,1,BR)
B(2,1,BR) S(2,1,TR)
S(2,1,TR) B(2,1,BL)
B(1,1,BR) S(1,1,TR)
S(1,1,TR) B(1,1,BL)
B(0,1,BR) S(0,1,BL)
S(0,2,TL) B(0,2,BR)
B(0,2,BR) S(0,2,TR)
S(1,2,TL) B(1,2,BR)
B(1,2,BR) S(1,2,TR)
S(2,2,TL) B(2,2,BR)
B(2,2,BR) S(2,2,TR)
S(2,2,TR) B(2,2,BL)
B(1,2,BR) S(1,2,TR)
S(1,2,TR) B(1,2,BL)
B(0,2,BR) S(0,2,TR)
S(0,2,TR) B(0,2,BL)
B(0,2,BL) S(0,2,TL)
S(0,1,BL) B(0,1,TR)
B(0,1,TR) S(0,1,TL)
S(0,0,BL) B(0,0,TR)
