S(4,2,BR) B(4,2,TL)
B(3,2,TR) S(3,2,BR)
S(3,2,BR) B(3,2,TL)
S(2,1,BR) B(2,1,TL)
S(1,0,BR) B(1,0,TL)
B(0,0,TR) S(0,0,BR)
S(0,0,BR) B(0,0,TL)
B(0,0,TL) S(0,0,BL)
S(0,0,BL) B(0,0,TR)
B(1,0,TL) S(1,0,TR)
S(1,0,TR) B(1,0,BL)
B(0,0,BR) S(2,0,BR)
S(2,1,TR) B(2,1,BL)
B(1,1,BR) S(3,1,BR)
S(3,2,TR) B(3,2,BL)
B(3,2,BL) S(3,2,BR)
S(4,2,BL) B(4,2,TR)
