S(0,0,TL) B(0,0,BR)
B(0,0,BR) S(0,0,TR)
S(1,0,TL) B(1,0,BR)
B(1,0,BR) S(3,0,BR)
S(3,0,BR) B(3,0,TL)
B(3,0,TL) S(3,0,TR)
S(4,0,TL) B(4,0,BR)
B(4,0,BR) S(4,0,TR)
S(4,0,TR) B(4,0,BL)
B(3,0,BR) S(3,0,TR)
S(3,0,TR) B(3,0,BL)
B(2,0,BR) S(0,0,BR)
S(1,0,BL) B(1,0,TR)
B(1,0,TR) S(1,0,TL)
S(0,0,TR) B(0,0,BL)
